func showcase.Example4.func1(): void
entry:
jump bb1

bb1:
var x: int = 6
var y: int = 3
jump bb2

bb2:
var t~1: boolean = x<100
condJump t~1 bb3 end

bb3:
x = x+1
var t~2: boolean = y==50
condJump t~2 bb5 bb4

bb5:
jump end

bb4:
var t~3: boolean = x>4
condJump t~3 bb6 bb2

bb6:
var t~4: boolean = y==23
condJump t~4 bb8 bb7

bb8:
jump bb4

bb7:
x = x-1
jump bb4

end:
return