func showcase.Example2.func1(c: int): void
entry:
a = 1
b = 2
showcase.Example2.func2
jump end

end:
return

func showcase.Example2.func2(x: int, y: int): void
entry:
x = x-y
jump end

end:
return