func showcase.Example7.func1(a: int, b: int): void {
  var c: int = 0
  while (a<b) {
    var t~1: boolean = a==2
    if (t~1) {
      continue
    }
    var t~2: int = 2*a
    var t~3: boolean = b==t~2
    if (t~3) {
      break
    }
    c = c-a
    b = b*1
  }
}