func showcase.Example4.func1(a: int, b: int): void {
  var t~40: int = showcase.Example4.abs
  var c: int = t~40-b
  c = c+c
}

func showcase.Example4.abs(x: int): int {
  var t~41: boolean = x<0
  if (t~41) {
    var t~42: int = 0-x
    return t~42
  }
  return x
}