func showcase.Example2.func1(): void {
  var a: int = 1
  var b: int = 2
  var t~22: int = 3*b
  var c: int = a+t~22
  var t~23: int = a*b
  var t~24: int = a*c
  var d: int = t~23+t~24
  var t~25: int = a+b
  var t~26: int = c+d
  showcase.Example2.func2(t~25, t~26)
}

func showcase.Example2.func2(x: int, y: int): void {
  x = x-y
}