func showcase.Loops.func1(a: int, b: int): void {
  var i: int = 0
  while {
    var t~1: boolean = i<5
  } (t~1) {
    a = a+1
    i = i+1
  }
  {
    var j: int = 0
    var kk: int = 123
    while {
      var t~2: boolean = j<4
    } (t~2) {
      b = b-1
      j = j+1
    }
  }
}